#
# There is insufficient memory for the Java Runtime Environment to continue.
# Native memory allocation (mmap) failed to map 1933312 bytes. Error detail: G1 virtual space
# Possible reasons:
#   The system is out of physical RAM or swap space
#   This process is running with CompressedOops enabled, and the Java Heap may be blocking the growth of the native heap
# Possible solutions:
#   Reduce memory load on the system
#   Increase physical memory or swap space
#   Check if swap backing store is full
#   Decrease Java heap size (-Xmx/-Xms)
#   Decrease number of Java threads
#   Decrease Java thread stack sizes (-Xss)
#   Set larger code cache with -XX:ReservedCodeCacheSize=
#   JVM is running with Unscaled Compressed Oops mode in which the Java heap is
#     placed in the first 4GB address space. The Java Heap base address is the
#     maximum limit for the native heap growth. Please use -XX:HeapBaseMinAddress
#     to set the Java Heap base and to place the Java Heap above 4GB virtual address.
# This output file may be truncated or incomplete.
#
#  Out of Memory Error (os_windows.cpp:3785), pid=3648, tid=20432
#
# JRE version:  (25.0.4) (build )
# Java VM: OpenJDK 64-Bit Server VM (25.0.4+-16339643-b508.27, mixed mode, sharing, tiered, compressed oops, compressed class ptrs, g1 gc, windows-amd64)
# No core dump will be written. Minidumps are not enabled by default on client versions of Windows
#

---------------  S U M M A R Y ------------

Command Line: -Djava.library.path=C:\Users\LISDY\.android/cli/bundles\5ca310f70a2983345cfb625861680a9b48b50015/lib --enable-native-access=ALL-UNNAMED -Dkotlinx.coroutines.debug=on -Djava.awt.headless=true --sun-misc-unsafe-memory-access=allow -XX:+UseAllWindowsProcessorGroups -Dandroid.cli.dir=C:\Users\LISDY\.android/cli -Dandroid.cli.exe=C:\Users\LISDY\.android\bin\android-cli.exe 

Host: AMD Ryzen 5 7530U with Radeon Graphics         , 12 cores, 7G,  Windows 11 , 64 bit Build 26100 (10.0.26100.5074)
Time: Wed Sep 30 16:22:26 2026 Cuba Daylight Time elapsed time: 0.011263 seconds (0d 0h 0m 0s)

---------------  T H R E A D  ---------------

Current thread (0x00000206a4c3dbe0):  JavaThread "Unknown thread" [_thread_in_vm, id=20432, stack(0x0000008b9a600000,0x0000008b9a800000) (2048K)]

Stack: [0x0000008b9a600000,0x0000008b9a800000]
Native frames: (J=compiled Java code, j=interpreted, Vv=VM code, C=native code)
V  [jvm.dll+0x7c04b9]  (no source info available)
V  [jvm.dll+0x78a2ad]  (no source info available)
V  [jvm.dll+0xa10e4f]  (no source info available)
V  [jvm.dll+0xa134d4]  (no source info available)
V  [jvm.dll+0xa13bd3]  (no source info available)
V  [jvm.dll+0x30aaf6]  (no source info available)
V  [jvm.dll+0x7bc595]  (no source info available)
V  [jvm.dll+0x7aefd7]  (no source info available)
V  [jvm.dll+0x3ff5bb]  (no source info available)
V  [jvm.dll+0x407776]  (no source info available)
V  [jvm.dll+0x3f3c3b]  (no source info available)
V  [jvm.dll+0x3f3f08]  (no source info available)
V  [jvm.dll+0x3c9192]  (no source info available)
V  [jvm.dll+0x3c9fae]  (no source info available)
V  [jvm.dll+0x9d5c8f]  (no source info available)
V  [jvm.dll+0x465b12]  (no source info available)
V  [jvm.dll+0x9b9a92]  (no source info available)
V  [jvm.dll+0x50885e]  (no source info available)
V  [jvm.dll+0x50a0e1]  (no source info available)
C  [android-cli.exe+0x44d9b]  (no source info available)
C  [android-cli.exe+0x495ed]  (no source info available)
C  [android-cli.exe+0x14a20d]  (no source info available)
C  [KERNEL32.DLL+0x2e8d7]  (no source info available)
C  [ntdll.dll+0x8d9c]  (no source info available)

Lock stack of current Java thread (top to bottom):


---------------  P R O C E S S  ---------------

Threads class SMR info:
_java_thread_list=0x00007ffef32e4c08, length=0, elements={
}

Java Threads: ( => current thread )
Total: 0

Other Threads:
  0x00000206a4c99ee0 WorkerThread "GC Thread#0"                     [id=20616, stack(0x0000008b9a800000,0x0000008b9a900000) (1024K)]
  0x00000206a4cb3810 ConcurrentGCThread "G1 Main Marker"            [id=16764, stack(0x0000008b9a900000,0x0000008b9aa00000) (1024K)]
  0x00000206a4cb5230 WorkerThread "G1 Conc#0"                       [id=1884, stack(0x0000008b9aa00000,0x0000008b9ab00000) (1024K)]

[error occurred during error reporting (printing all threads), id 0xc0000005, EXCEPTION_ACCESS_VIOLATION (0xc0000005) at pc=0x00007ffef295e73a]
VM state: not at safepoint (not fully initialized)

VM Mutex/Monitor currently owned by a thread:  ([mutex/lock_event])
[0x00007ffef336ab50] Heap_lock - owner thread: 0x00000206a4c3dbe0

Heap address: 0x000000008a400000, size: 1884 MB, Compressed Oops mode: 32-bit

CDS archive(s) mapped at: [0x0000000000000000-0x0000000000000000-0x0000000000000000), size 0, SharedBaseAddress: 0x0000000800000000, ArchiveRelocationMode: 1.
UseCompressedClassPointers 1, UseCompactObjectHeaders 0
Narrow klass pointer bits 32, Max shift 3
Narrow klass base: 0xffffffffffffffff, Narrow klass shift: -1
Encoding Range: [0xffffffffffffffff - 0x000000007fffffff), (2147483648 bytes)
Klass Range:    [0x0000000000000000 - 0x0000000000000000), (0 bytes)
Klass ID Range:  [4294967295 - 0) (1)
No protection zone.

GC Precious Log:
 CardTable entry size: 512
 Card Set container configuration: InlinePtr #cards 5 size 8 Array Of Cards #cards 10 size 36 Howl #buckets 4 coarsen threshold 1843 Howl Bitmap #cards 512 size 80 coarsen threshold 460 Card regions per heap region 1 cards per card region 2048

Heap:
 garbage-first heap   total reserved 1929216K, committed 0K, used 0K [0x000000008a400000, 0x0000000100000000)
  region size 1024K, 0 young (0K), 0 survivors (0K)

Heap Regions: E=young(eden), S=young(survivor), O=old, HS=humongous(starts), HC=humongous(continues), CS=collection set, F=free, TAMS=top-at-mark-start, PB=parsable bottom

Card table byte_map: [0x00000206b80d0000,0x00000206b8480000] _byte_map_base: 0x00000206b7c7e000

Marking Bits: (CMBitMap*) 0x00000206a4c9cd90
 Bits: [0x00000206b8480000, 0x00000206ba1f0000)

GC Heap Usage History (0 events):
No events

Metaspace Usage History (0 events):
No events

Dll operation events (2 events):
Event: 0.006 Attempting to load shared library C:\Users\LISDY\.android\cli\bundles\5ca310f70a2983345cfb625861680a9b48b50015\jre\bin\java.dll
Event: 0.007 Loaded shared library C:\Users\LISDY\.android\cli\bundles\5ca310f70a2983345cfb625861680a9b48b50015\jre\bin\java.dll

Deoptimization events (0 events):
No events

Classes loaded (0 events):
No events

Classes unloaded (0 events):
No events

Classes redefined (0 events):
No events

Internal exceptions (0 events):
No events

VM Operations (0 events):
No events

Memory protections (0 events):
No events

Nmethod flushes (0 events):
No events

Events (0 events):
No events


Dynamic libraries:
0x00007ff66d5a0000 - 0x00007ff672ad3000 	C:\Users\LISDY\.android\bin\android-cli.exe
0x00007fff66680000 - 0x00007fff668e9000 	C:\Windows\SYSTEM32\ntdll.dll
0x00007fff25ce0000 - 0x00007fff25d00000 	C:\Program Files\Avast Software\Avast\aswhook.dll
0x00007fff655d0000 - 0x00007fff65699000 	C:\Windows\System32\KERNEL32.DLL
0x00007fff63b70000 - 0x00007fff63f63000 	C:\Windows\System32\KERNELBASE.dll
0x00007fff65ef0000 - 0x00007fff65fc7000 	C:\Windows\System32\oleaut32.dll
0x00007fff63990000 - 0x00007fff63a33000 	C:\Windows\System32\msvcp_win.dll
0x00007fff641b0000 - 0x00007fff642fb000 	C:\Windows\System32\ucrtbase.dll
0x00007fff65b70000 - 0x00007fff65eeb000 	C:\Windows\System32\combase.dll
0x00007fff64810000 - 0x00007fff64928000 	C:\Windows\System32\RPCRT4.dll
0x00007fff63f70000 - 0x00007fff64009000 	C:\Windows\System32\bcryptprimitives.dll
0x00007fff62c10000 - 0x00007fff62c3b000 	C:\Windows\SYSTEM32\USERENV.dll
0x00007fff3c060000 - 0x00007fff3c07e000 	C:\Windows\SYSTEM32\VCRUNTIME140.dll
0x00007ffef2580000 - 0x00007ffef3461000 	C:\Users\LISDY\.android\cli\bundles\5ca310f70a2983345cfb625861680a9b48b50015\jre\bin\server\jvm.dll
0x00007fff658e0000 - 0x00007fff65aa4000 	C:\Windows\System32\USER32.dll
0x00007fff64010000 - 0x00007fff64037000 	C:\Windows\System32\win32u.dll
0x00007fff656b0000 - 0x00007fff656db000 	C:\Windows\System32\GDI32.dll
0x00007fff63a40000 - 0x00007fff63b6d000 	C:\Windows\System32\gdi32full.dll
0x00007fff64c00000 - 0x00007fff64cb4000 	C:\Windows\System32\ADVAPI32.dll
0x00007fff64aa0000 - 0x00007fff64b49000 	C:\Windows\System32\msvcrt.dll
0x00007fff64b50000 - 0x00007fff64bf6000 	C:\Windows\System32\sechost.dll
0x00007fff66060000 - 0x00007fff660d4000 	C:\Windows\System32\WS2_32.dll
0x00007fff63670000 - 0x00007fff636ce000 	C:\Windows\SYSTEM32\POWRPROF.dll
0x00007fff593a0000 - 0x00007fff593ac000 	C:\Users\LISDY\.android\cli\bundles\5ca310f70a2983345cfb625861680a9b48b50015\jre\bin\VCRUNTIME140_1.dll
0x00007fff5c4d0000 - 0x00007fff5c4db000 	C:\Windows\SYSTEM32\VERSION.dll
0x00007fff5c490000 - 0x00007fff5c4c5000 	C:\Windows\SYSTEM32\WINMM.dll
0x00007fff65ab0000 - 0x00007fff65adf000 	C:\Windows\System32\IMM32.DLL
0x00007fff63650000 - 0x00007fff63664000 	C:\Windows\SYSTEM32\UMPDC.dll
0x00007fff58fb0000 - 0x00007fff58fba000 	C:\Users\LISDY\.android\cli\bundles\5ca310f70a2983345cfb625861680a9b48b50015\jre\bin\jimage.dll
0x00007fff58050000 - 0x00007fff58292000 	C:\Windows\SYSTEM32\DBGHELP.DLL
0x00007fff56b50000 - 0x00007fff56b8d000 	C:\Windows\SYSTEM32\dbgcore.DLL
0x00007fff53f20000 - 0x00007fff53f3e000 	C:\Users\LISDY\.android\cli\bundles\5ca310f70a2983345cfb625861680a9b48b50015\jre\bin\java.dll
0x00007fff656e0000 - 0x00007fff65878000 	C:\Windows\System32\ole32.dll
0x00007fff64e60000 - 0x00007fff655ad000 	C:\Windows\System32\SHELL32.dll
0x00007fff64040000 - 0x00007fff641ac000 	C:\Windows\System32\wintypes.dll
0x00007fff625f0000 - 0x00007fff6260b000 	C:\Windows\SYSTEM32\kernel.appcore.dll

JVMTI agents: none

dbghelp: loaded successfully - version: 4.0.5 - missing functions: none
symbol engine: initialized successfully - sym options: 0x614 - pdb path: .;C:\Users\LISDY\.android\bin;C:\Windows\SYSTEM32;C:\Program Files\Avast Software\Avast;C:\Users\LISDY\.android\cli\bundles\5ca310f70a2983345cfb625861680a9b48b50015\jre\bin\server;C:\Users\LISDY\.android\cli\bundles\5ca310f70a2983345cfb625861680a9b48b50015\jre\bin

VM Arguments:
jvm_args: -Djava.library.path=C:\Users\LISDY\.android/cli/bundles\5ca310f70a2983345cfb625861680a9b48b50015/lib --enable-native-access=ALL-UNNAMED -Dkotlinx.coroutines.debug=on -Djava.awt.headless=true --sun-misc-unsafe-memory-access=allow -XX:+UseAllWindowsProcessorGroups -Dandroid.cli.dir=C:\Users\LISDY\.android/cli -Dandroid.cli.exe=C:\Users\LISDY\.android\bin\android-cli.exe 
java_command: <unknown>
java_class_path (initial): C:\Users\LISDY\.android/cli/bundles\5ca310f70a2983345cfb625861680a9b48b50015/main.jar
Launcher Type: generic

[Global flags]
     intx CICompilerCount                          = 4                                         {product} {ergonomic}
     uint ConcGCThreads                            = 3                                         {product} {ergonomic}
     uint G1ConcRefinementThreads                  = 10                                        {product} {ergonomic}
   size_t G1HeapRegionSize                         = 1048576                                   {product} {ergonomic}
   size_t InitialHeapSize                          = 123731968                                 {product} {ergonomic}
   size_t MarkStackSize                            = 4194304                                   {product} {ergonomic}
   size_t MarkStackSizeMax                         = 536870912                                 {product} {ergonomic}
   size_t MaxHeapSize                              = 1975517184                                {product} {ergonomic}
   size_t MinHeapDeltaBytes                        = 1048576                                   {product} {ergonomic}
   size_t MinHeapSize                              = 8388608                                   {product} {ergonomic}
    uintx NonNMethodCodeHeapSize                   = 5898240                                {pd product} {ergonomic}
    uintx NonProfiledCodeHeapSize                  = 122945536                              {pd product} {ergonomic}
    uintx ProfiledCodeHeapSize                     = 122945536                              {pd product} {ergonomic}
    uintx ReservedCodeCacheSize                    = 251789312                              {pd product} {ergonomic}
     bool SegmentedCodeCache                       = true                                      {product} {ergonomic}
   size_t SoftMaxHeapSize                          = 1975517184                             {manageable} {ergonomic}
     bool UseAllWindowsProcessorGroups             = true                                      {product} {command line}
     bool UseCompressedOops                        = true                           {product lp64_product} {ergonomic}
     bool UseG1GC                                  = true                                      {product} {ergonomic}
     bool UseLargePagesIndividualAllocation        = false                                  {pd product} {ergonomic}

Logging:
Log output configuration:
 #0: stdout all=warning uptime,level,tags foldmultilines=false
 #1: stderr all=off uptime,level,tags foldmultilines=false

Release file:
<release file has not been read>
Environment Variables:
JAVA_HOME=C:\Program Files\Android\Android Studio\jbr
CLASSPATH=D:\Universidad\Progamacion de Dispositivos Moviles\Proyectos\explorador_estudio\android\\gradle\wrapper\gradle-wrapper.jar
PATH=C:\Program Files\Android\Android Studio\jbr\bin;C:\Program Files\Common Files\Oracle\Java\javapath;C:\Windows\system32;C:\Windows;C:\Windows\System32\Wbem;C:\Windows\System32\WindowsPowerShell\v1.0\;C:\Windows\System32\OpenSSH\;C:\Program Files\PowerShell\7\;C:\Program Files\Git\cmd;C:\Users\LISDY\AppData\Local\Microsoft\WindowsApps;C:\Users\LISDY\AppData\Local\JetBrains\Toolbox\scripts;C:\Users\LISDY\AppData\Local\GitHubDesktop\bin;C:\Users\LISDY\AppData\Local\Programs\MiKTeX\miktex\bin\x64\;C:\src\flutter\bin;C:\src\flutter\bin\mingit\cmd
USERNAME=LISDY
OS=Windows_NT
PROCESSOR_IDENTIFIER=AMD64 Family 25 Model 80 Stepping 0, AuthenticAMD
TMP=C:\Users\LISDY\AppData\Local\Temp
TEMP=C:\Users\LISDY\AppData\Local\Temp




Compilation memory statistics disabled.

Periodic native trim disabled

JNI global refs:
JNI global refs: 0, weak refs: 0

JNI global refs memory usage: 0, weak refs: 0

Process memory usage:
Resident Set Size: 14776K (0% of 7708932K total physical memory with 907456K free physical memory)

OOME stack traces (most recent first):
Classloader memory used:

---------------  S Y S T E M  ---------------

OS:
 Windows 11 , 64 bit Build 26100 (10.0.26100.5074)
OS uptime: 7 days 0:17 hours

CPU: total 12 (initial active 12) (12 cores per cpu, 2 threads per core) family 25 model 80 stepping 0 microcode 0xa50000d, cx8, cmov, fxsr, ht, mmx, 3dnowpref, sse, sse2, sse3, ssse3, sse4a, sse4.1, sse4.2, popcnt, lzcnt, tsc, tscinvbit, avx, avx2, aes, erms, clmul, bmi1, bmi2, adx, sha, fma, vzeroupper, clflush, clflushopt, clwb, rdtscp, rdpid, fsrm, f16c, pku, cet_ss
Processor Information for the first 12 processors :
  Max Mhz: 2000, Current Mhz: 2000, Mhz Limit: 2000

Memory: 4k page, system-wide physical 7528M (886M free)
TotalPageFile size 14190M (AvailPageFile size 0M)
current process WorkingSet (physical memory assigned to process): 14M, peak: 14M
current process commit charge ("private bytes"): 185M, peak: 186M

vm_info: OpenJDK 64-Bit Server VM (25.0.4+-16339643-b508.27) for windows-amd64 JRE (25.0.4+-16339643-b508.27), built on 2026-09-14T20:44:57Z with MS VC++ 16.10 / 16.11 (VS2019)

END.
